#-----------------------------------------------------------
# Vivado v2019.1 (64-bit)
# SW Build 2552052 on Fri May 24 14:49:42 MDT 2019
# IP Build 2548770 on Fri May 24 18:01:18 MDT 2019
# Start of session at: Thu May 14 01:39:47 2020
# Process ID: 27752
# Current directory: C:/Users/77060/Desktop/monocycle
# Command line: vivado.exe -gui_launcher_event rodinguilauncherevent17472 C:\Users\77060\Desktop\monocycle\monocycle.xpr
# Log file: C:/Users/77060/Desktop/monocycle/vivado.log
# Journal file: C:/Users/77060/Desktop/monocycle\vivado.jou
#-----------------------------------------------------------
start_gui
open_project C:/Users/77060/Desktop/monocycle/monocycle.xpr
update_compile_order -fileset sources_1
launch_simulation
open_wave_config C:/Users/77060/Desktop/monocycle/tb_cpu_behav.wcfg
source tb_cpu.tcl
save_wave_config {C:/Users/77060/Desktop/monocycle/tb_cpu_behav.wcfg}
save_wave_config {C:/Users/77060/Desktop/monocycle/tb_cpu_behav.wcfg}
save_wave_config {C:/Users/77060/Desktop/monocycle/tb_cpu_behav.wcfg}
close_sim
reset_run RAM_synth_1
launch_runs RAM_synth_1
wait_on_run RAM_synth_1
reset_run ROM_synth_1
launch_runs ROM_synth_1
wait_on_run ROM_synth_1
synth_design -rtl -name rtl_1
close_design
launch_simulation
update_compile_order -fileset sources_1
update_compile_order -fileset sim_1
update_compile_order -fileset sim_1
update_compile_order -fileset sources_1
launch_simulation
open_wave_config C:/Users/77060/Desktop/monocycle/tb_cpu_behav.wcfg
source tb_cpu.tcl
save_wave_config {C:/Users/77060/Desktop/monocycle/tb_cpu_behav.wcfg}
save_wave_config {C:/Users/77060/Desktop/monocycle/tb_cpu_behav.wcfg}
close_sim
