#-----------------------------------------------------------
# Vivado v2019.1 (64-bit)
# SW Build 2552052 on Fri May 24 14:49:42 MDT 2019
# IP Build 2548770 on Fri May 24 18:01:18 MDT 2019
# Start of session at: Thu Apr 23 01:02:31 2020
# Process ID: 43140
# Current directory: C:/Users/77060/Desktop/lab1_ALU_SORT
# Command line: vivado.exe -gui_launcher_event rodinguilauncherevent34004 C:\Users\77060\Desktop\lab1_ALU_SORT\lab1_ALU_SORT.xpr
# Log file: C:/Users/77060/Desktop/lab1_ALU_SORT/vivado.log
# Journal file: C:/Users/77060/Desktop/lab1_ALU_SORT\vivado.jou
#-----------------------------------------------------------
start_gui
open_project C:/Users/77060/Desktop/lab1_ALU_SORT/lab1_ALU_SORT.xpr
update_compile_order -fileset sources_1
launch_simulation
source tb_alu.tcl
run all
run all
run 10 us
run all
restart
restart
restart
close_sim
launch_simulation
source tb_alu.tcl
restart
run all
save_wave_config {C:/Users/77060/Desktop/lab1_ALU_SORT/tb_alu_behav.wcfg}
add_files -fileset sim_1 -norecurse C:/Users/77060/Desktop/lab1_ALU_SORT/tb_alu_behav.wcfg
set_property xsim.view C:/Users/77060/Desktop/lab1_ALU_SORT/tb_alu_behav.wcfg [get_filesets sim_1]
close_sim
